<m._[0-9a-f-]*>	\.
<http://ar.wikipedia.org/[^>]*>	\.
<http://bg.wikipedia.org/[^>]*>	\.
<http://ca.wikipedia.org/[^>]*>	\.
<http://cs.wikipedia.org/[^>]*>	\.
<http://da.wikipedia.org/[^>]*>	\.
<http://de.wikipedia.org/[^>]*>	\.
<http://el.wikipedia.org/[^>]*>	\.
<http://et.wikipedia.org/[^>]*>	\.
<http://fa.wikipedia.org/[^>]*>	\.
<http://fi.wikipedia.org/[^>]*>	\.
<http://fr.wikipedia.org/[^>]*>	\.
<http://he.wikipedia.org/[^>]*>	\.
<http://hi.wikipedia.org/[^>]*>	\.
<http://hr.wikipedia.org/[^>]*>	\.
<http://hu.wikipedia.org/[^>]*>	\.
<http://id.wikipedia.org/[^>]*>	\.
<http://it.wikipedia.org/[^>]*>	\.
<http://ja.wikipedia.org/[^>]*>	\.
<http://ko.wikipedia.org/[^>]*>	\.
<http://lt.wikipedia.org/[^>]*>	\.
<http://lv.wikipedia.org/[^>]*>	\.
<http://ms.wikipedia.org/[^>]*>	\.
<http://nl.wikipedia.org/[^>]*>	\.
<http://no.wikipedia.org/[^>]*>	\.
<http://pl.wikipedia.org/[^>]*>	\.
<http://pt.wikipedia.org/[^>]*>	\.
<http://ro.wikipedia.org/[^>]*>	\.
<http://ru.wikipedia.org/[^>]*>	\.
<http://sk.wikipedia.org/[^>]*>	\.
<http://sl.wikipedia.org/[^>]*>	\.
<http://sr.wikipedia.org/[^>]*>	\.
<http://sv.wikipedia.org/[^>]*>	\.
<http://th.wikipedia.org/[^>]*>	\.
<http://tl.wikipedia.org/[^>]*>	\.
<http://tr.wikipedia.org/[^>]*>	\.
<http://uk.wikipedia.org/[^>]*>	\.
<http://vi.wikipedia.org/[^>]*>	\.
