	<f_type.object.type>	
	<f_type.type.instance>	
	<f_type.object.key>	
	<fk_authority.musicbrainz>	
	<fk_key.authority.musicbrainz>	
	<fk_dataworld.freeq>	
	<fk_key.dataworld.freeq>	
	<f_music.release_track.recording>	
	<f_music.recording.tracks>	
	<f_music.release_track.release>	
	<f_music.release.track_list>	
	<f_music.release_track.track_number>	
	<fk_authority.musicbrainz.recording>	
	<fk_key.authority.musicbrainz.recording>	
	<f_music.recording.length>	
	<f_music.release.track>	
	<f_music.recording.releases>	
	<f_type.permission.controls>	
	<f_type.object.permission>	
	<fk_soft.isbn.*>	
	<fk_key.soft.isbn.*>	
	<f_type.object.id>	
	<f_type.content.blob_id>	
	<f_type.content.length>	
	<f_type.content_import.uri>	
	<f_type.content.uploaded_by>	
	<f_base.schemastaging.nutrition_information.food>	
	<f_base.schemastaging.food_concept.nutrition_information>	
	<f_base.schemastaging.nutrition_information.nutrient>	
	<f_base.schemastaging.nutrient_extra.food_concepts>	
	<f_base.schemastaging.nutrition_information.per_quantity>	
	<f_base.schemastaging.nutrition_information.nutrient_amount>	
	<f_base.schemastaging.nutrition_information.per_quantity_description>	
	<f_base.schemastaging.nutrition_information.nutrient_amount_unit>	
	<f_common.licensed_object.license>	
	<fk_authority.musicbrainz.release_group>	
	<fk_key.authority.musicbrainz.release_group>	
	<f_common.image.size>	
	<f_music.release.format>	
	<f_book.book_edition.book>	
	<f_book.book.editions>	
	<f_music.album.release_date>	
	<f_imdb.topic.name_id>	
	<fk_uri>	
	<fk_key.uri>	
	<fk_authority.google.books.volume_id>	
	<fk_key.authority.google.books.volume_id>	
	<f_book.isbn.book_editions>	
	<f_book.book_edition.isbn>	
	<fk_user.ovguide.tvdb_episode_id>	
	<fk_key.user.ovguide.tvdb_episode_id>	
	<f_medicine.manufactured_drug_form.label_sections>	
	<f_medicine.drug_label_section.subject_drug>	
	<f_medicine.drug_label_section.section_uri>	
	<f_medicine.drug_label_section.section_loinc_code>	
	<f_medicine.drug_label_section.prominent_warning>	
	<f_medicine.drug_label_section.section_name>	
	<f_common.webpage.in_index>	
	<f_common.annotation_index.annotations>	
	<f_book.book_edition.number_of_pages>	
	<f_book.pagination.numbered_pages>	
	<fk_wikipedia.ar>	
	<fk_key.wikipedia.ar>	
	<fk_wikipedia.ar_id>	
	<fk_key.wikipedia.ar_id>	
	<fk_wikipedia.ar_title>	
	<fk_key.wikipedia.ar_title>	
	<fk_wikipedia.bg>	
	<fk_key.wikipedia.bg>	
	<fk_wikipedia.bg_id>	
	<fk_key.wikipedia.bg_id>	
	<fk_wikipedia.bg_title>	
	<fk_key.wikipedia.bg_title>	
	<fk_wikipedia.ca>	
	<fk_key.wikipedia.ca>	
	<fk_wikipedia.ca_id>	
	<fk_key.wikipedia.ca_id>	
	<fk_wikipedia.ca_title>	
	<fk_key.wikipedia.ca_title>	
	<fk_wikipedia.cs>	
	<fk_key.wikipedia.cs>	
	<fk_wikipedia.cs_id>	
	<fk_key.wikipedia.cs_id>	
	<fk_wikipedia.cs_title>	
	<fk_key.wikipedia.cs_title>	
	<fk_wikipedia.da>	
	<fk_key.wikipedia.da>	
	<fk_wikipedia.da_id>	
	<fk_key.wikipedia.da_id>	
	<fk_wikipedia.da_title>	
	<fk_key.wikipedia.da_title>	
	<fk_wikipedia.de>	
	<fk_key.wikipedia.de>	
	<fk_wikipedia.de_id>	
	<fk_key.wikipedia.de_id>	
	<fk_wikipedia.de_title>	
	<fk_key.wikipedia.de_title>	
	<fk_wikipedia.el>	
	<fk_key.wikipedia.el>	
	<fk_wikipedia.el_id>	
	<fk_key.wikipedia.el_id>	
	<fk_wikipedia.el_title>	
	<fk_key.wikipedia.el_title>	
	<fk_wikipedia.et>	
	<fk_key.wikipedia.et>	
	<fk_wikipedia.et_id>	
	<fk_key.wikipedia.et_id>	
	<fk_wikipedia.et_title>	
	<fk_key.wikipedia.et_title>	
	<fk_wikipedia.fa>	
	<fk_key.wikipedia.fa>	
	<fk_wikipedia.fa_id>	
	<fk_key.wikipedia.fa_id>	
	<fk_wikipedia.fa_title>	
	<fk_key.wikipedia.fa_title>	
	<fk_wikipedia.fi>	
	<fk_key.wikipedia.fi>	
	<fk_wikipedia.fi_id>	
	<fk_key.wikipedia.fi_id>	
	<fk_wikipedia.fi_title>	
	<fk_key.wikipedia.fi_title>	
	<fk_wikipedia.fr>	
	<fk_key.wikipedia.fr>	
	<fk_wikipedia.fr_id>	
	<fk_key.wikipedia.fr_id>	
	<fk_wikipedia.fr_title>	
	<fk_key.wikipedia.fr_title>	
	<fk_wikipedia.he>	
	<fk_key.wikipedia.he>	
	<fk_wikipedia.he_id>	
	<fk_key.wikipedia.he_id>	
	<fk_wikipedia.he_title>	
	<fk_key.wikipedia.he_title>	
	<fk_wikipedia.hi>	
	<fk_key.wikipedia.hi>	
	<fk_wikipedia.hi_id>	
	<fk_key.wikipedia.hi_id>	
	<fk_wikipedia.hi_title>	
	<fk_key.wikipedia.hi_title>	
	<fk_wikipedia.hr>	
	<fk_key.wikipedia.hr>	
	<fk_wikipedia.hr_id>	
	<fk_key.wikipedia.hr_id>	
	<fk_wikipedia.hr_title>	
	<fk_key.wikipedia.hr_title>	
	<fk_wikipedia.hu>	
	<fk_key.wikipedia.hu>	
	<fk_wikipedia.hu_id>	
	<fk_key.wikipedia.hu_id>	
	<fk_wikipedia.hu_title>	
	<fk_key.wikipedia.hu_title>	
	<fk_wikipedia.id>	
	<fk_key.wikipedia.id>	
	<fk_wikipedia.id_id>	
	<fk_key.wikipedia.id_id>	
	<fk_wikipedia.id_title>	
	<fk_key.wikipedia.id_title>	
	<fk_wikipedia.images.ar_id>	
	<fk_key.wikipedia.images.ar_id>	
	<fk_wikipedia.images.ast_id>	
	<fk_key.wikipedia.images.ast_id>	
	<fk_wikipedia.images.az_id>	
	<fk_key.wikipedia.images.az_id>	
	<fk_wikipedia.images.be_id>	
	<fk_key.wikipedia.images.be_id>	
	<fk_wikipedia.images.bg_id>	
	<fk_key.wikipedia.images.bg_id>	
	<fk_wikipedia.images.bn_id>	
	<fk_key.wikipedia.images.bn_id>	
	<fk_wikipedia.images.bpy_id>	
	<fk_key.wikipedia.images.bpy_id>	
	<fk_wikipedia.images.br_id>	
	<fk_key.wikipedia.images.br_id>	
	<fk_wikipedia.images.ca_id>	
	<fk_key.wikipedia.images.ca_id>	
	<fk_wikipedia.images.cs_id>	
	<fk_key.wikipedia.images.cs_id>	
	<fk_wikipedia.images.da_id>	
	<fk_key.wikipedia.images.da_id>	
	<fk_wikipedia.images.de_id>	
	<fk_key.wikipedia.images.de_id>	
	<fk_wikipedia.images.el_id>	
	<fk_key.wikipedia.images.el_id>	
	<fk_wikipedia.images.eo_id>	
	<fk_key.wikipedia.images.eo_id>	
	<fk_wikipedia.images.et_id>	
	<fk_key.wikipedia.images.et_id>	
	<fk_wikipedia.images.fa_id>	
	<fk_key.wikipedia.images.fa_id>	
	<fk_wikipedia.images.fi_id>	
	<fk_key.wikipedia.images.fi_id>	
	<fk_wikipedia.images.fo_id>	
	<fk_key.wikipedia.images.fo_id>	
	<fk_wikipedia.images.fr_id>	
	<fk_key.wikipedia.images.fr_id>	
	<fk_wikipedia.images.ga_id>	
	<fk_key.wikipedia.images.ga_id>	
	<fk_wikipedia.images.gl_id>	
	<fk_key.wikipedia.images.gl_id>	
	<fk_wikipedia.images.he_id>	
	<fk_key.wikipedia.images.he_id>	
	<fk_wikipedia.images.hr_id>	
	<fk_key.wikipedia.images.hr_id>	
	<fk_wikipedia.images.hu_id>	
	<fk_key.wikipedia.images.hu_id>	
	<fk_wikipedia.images.hy_id>	
	<fk_key.wikipedia.images.hy_id>	
	<fk_wikipedia.images.id_id>	
	<fk_key.wikipedia.images.id_id>	
	<fk_wikipedia.images.is_id>	
	<fk_key.wikipedia.images.is_id>	
	<fk_wikipedia.images.it_id>	
	<fk_key.wikipedia.images.it_id>	
	<fk_wikipedia.images.ja_id>	
	<fk_key.wikipedia.images.ja_id>	
	<fk_wikipedia.images.ka_id>	
	<fk_key.wikipedia.images.ka_id>	
	<fk_wikipedia.images.kk_id>	
	<fk_key.wikipedia.images.kk_id>	
	<fk_wikipedia.images.km_id>	
	<fk_key.wikipedia.images.km_id>	
	<fk_wikipedia.images.ko_id>	
	<fk_key.wikipedia.images.ko_id>	
	<fk_wikipedia.images.ku_id>	
	<fk_key.wikipedia.images.ku_id>	
	<fk_wikipedia.images.lb_id>	
	<fk_key.wikipedia.images.lb_id>	
	<fk_wikipedia.images.lt_id>	
	<fk_key.wikipedia.images.lt_id>	
	<fk_wikipedia.images.lv_id>	
	<fk_key.wikipedia.images.lv_id>	
	<fk_wikipedia.images.mk_id>	
	<fk_key.wikipedia.images.mk_id>	
	<fk_wikipedia.images.ml_id>	
	<fk_key.wikipedia.images.ml_id>	
	<fk_wikipedia.images.mn_id>	
	<fk_key.wikipedia.images.mn_id>	
	<fk_wikipedia.images.ms_id>	
	<fk_key.wikipedia.images.ms_id>	
	<fk_wikipedia.images.mt_id>	
	<fk_key.wikipedia.images.mt_id>	
	<fk_wikipedia.images.nap_id>	
	<fk_key.wikipedia.images.nap_id>	
	<fk_wikipedia.images.nl_id>	
	<fk_key.wikipedia.images.nl_id>	
	<fk_wikipedia.images.nn_id>	
	<fk_key.wikipedia.images.nn_id>	
	<fk_wikipedia.images.no_id>	
	<fk_key.wikipedia.images.no_id>	
	<fk_wikipedia.images.oc_id>	
	<fk_key.wikipedia.images.oc_id>	
	<fk_wikipedia.images.os_id>	
	<fk_key.wikipedia.images.os_id>	
	<fk_wikipedia.images.pl_id>	
	<fk_key.wikipedia.images.pl_id>	
	<fk_wikipedia.images.pt_id>	
	<fk_key.wikipedia.images.pt_id>	
	<fk_wikipedia.images.ro_id>	
	<fk_key.wikipedia.images.ro_id>	
	<fk_wikipedia.images.ru_id>	
	<fk_key.wikipedia.images.ru_id>	
	<fk_wikipedia.images.scn_id>	
	<fk_key.wikipedia.images.scn_id>	
	<fk_wikipedia.images.sh_id>	
	<fk_key.wikipedia.images.sh_id>	
	<fk_wikipedia.images.sl_id>	
	<fk_key.wikipedia.images.sl_id>	
	<fk_wikipedia.images.sq_id>	
	<fk_key.wikipedia.images.sq_id>	
	<fk_wikipedia.images.sr_id>	
	<fk_key.wikipedia.images.sr_id>	
	<fk_wikipedia.images.sv_id>	
	<fk_key.wikipedia.images.sv_id>	
	<fk_wikipedia.images.ta_id>	
	<fk_key.wikipedia.images.ta_id>	
	<fk_wikipedia.images.te_id>	
	<fk_key.wikipedia.images.te_id>	
	<fk_wikipedia.images.th_id>	
	<fk_key.wikipedia.images.th_id>	
	<fk_wikipedia.images.tl_id>	
	<fk_key.wikipedia.images.tl_id>	
	<fk_wikipedia.images.tr_id>	
	<fk_key.wikipedia.images.tr_id>	
	<fk_wikipedia.images.tt_id>	
	<fk_key.wikipedia.images.tt_id>	
	<fk_wikipedia.images.uk_id>	
	<fk_key.wikipedia.images.uk_id>	
	<fk_wikipedia.images.uz_id>	
	<fk_key.wikipedia.images.uz_id>	
	<fk_wikipedia.images.vi_id>	
	<fk_key.wikipedia.images.vi_id>	
	<fk_wikipedia.images.vls_id>	
	<fk_key.wikipedia.images.vls_id>	
	<fk_wikipedia.images.wa_id>	
	<fk_key.wikipedia.images.wa_id>	
	<fk_wikipedia.images.wo_id>	
	<fk_key.wikipedia.images.wo_id>	
	<fk_wikipedia.images.zh_id>	
	<fk_key.wikipedia.images.zh_id>	
	<fk_wikipedia.it>	
	<fk_key.wikipedia.it>	
	<fk_wikipedia.it_id>	
	<fk_key.wikipedia.it_id>	
	<fk_wikipedia.it_title>	
	<fk_key.wikipedia.it_title>	
	<fk_wikipedia.ja>	
	<fk_key.wikipedia.ja>	
	<fk_wikipedia.ja_id>	
	<fk_key.wikipedia.ja_id>	
	<fk_wikipedia.ja_title>	
	<fk_key.wikipedia.ja_title>	
	<fk_wikipedia.ko>	
	<fk_key.wikipedia.ko>	
	<fk_wikipedia.ko_id>	
	<fk_key.wikipedia.ko_id>	
	<fk_wikipedia.ko_title>	
	<fk_key.wikipedia.ko_title>	
	<fk_wikipedia.lt>	
	<fk_key.wikipedia.lt>	
	<fk_wikipedia.lt_id>	
	<fk_key.wikipedia.lt_id>	
	<fk_wikipedia.lt_title>	
	<fk_key.wikipedia.lt_title>	
	<fk_wikipedia.lv>	
	<fk_key.wikipedia.lv>	
	<fk_wikipedia.lv_id>	
	<fk_key.wikipedia.lv_id>	
	<fk_wikipedia.lv_title>	
	<fk_key.wikipedia.lv_title>	
	<fk_wikipedia.ms>	
	<fk_key.wikipedia.ms>	
	<fk_wikipedia.ms_id>	
	<fk_key.wikipedia.ms_id>	
	<fk_wikipedia.ms_title>	
	<fk_key.wikipedia.ms_title>	
	<fk_wikipedia.nl>	
	<fk_key.wikipedia.nl>	
	<fk_wikipedia.nl_id>	
	<fk_key.wikipedia.nl_id>	
	<fk_wikipedia.nl_title>	
	<fk_key.wikipedia.nl_title>	
	<fk_wikipedia.no>	
	<fk_key.wikipedia.no>	
	<fk_wikipedia.no_id>	
	<fk_key.wikipedia.no_id>	
	<fk_wikipedia.no_title>	
	<fk_key.wikipedia.no_title>	
	<fk_wikipedia.pl>	
	<fk_key.wikipedia.pl>	
	<fk_wikipedia.pl_id>	
	<fk_key.wikipedia.pl_id>	
	<fk_wikipedia.pl_title>	
	<fk_key.wikipedia.pl_title>	
	<fk_wikipedia.pt>	
	<fk_key.wikipedia.pt>	
	<fk_wikipedia.pt_id>	
	<fk_key.wikipedia.pt_id>	
	<fk_wikipedia.pt_title>	
	<fk_key.wikipedia.pt_title>	
	<fk_wikipedia.ro>	
	<fk_key.wikipedia.ro>	
	<fk_wikipedia.ro_id>	
	<fk_key.wikipedia.ro_id>	
	<fk_wikipedia.ro_title>	
	<fk_key.wikipedia.ro_title>	
	<fk_wikipedia.ru>	
	<fk_key.wikipedia.ru>	
	<fk_wikipedia.ru_id>	
	<fk_key.wikipedia.ru_id>	
	<fk_wikipedia.ru_title>	
	<fk_key.wikipedia.ru_title>	
	<fk_wikipedia.sk>	
	<fk_key.wikipedia.sk>	
	<fk_wikipedia.sk_id>	
	<fk_key.wikipedia.sk_id>	
	<fk_wikipedia.sk_title>	
	<fk_key.wikipedia.sk_title>	
	<fk_wikipedia.sl>	
	<fk_key.wikipedia.sl>	
	<fk_wikipedia.sl_id>	
	<fk_key.wikipedia.sl_id>	
	<fk_wikipedia.sl_title>	
	<fk_key.wikipedia.sl_title>	
	<fk_wikipedia.sr>	
	<fk_key.wikipedia.sr>	
	<fk_wikipedia.sr_id>	
	<fk_key.wikipedia.sr_id>	
	<fk_wikipedia.sr_title>	
	<fk_key.wikipedia.sr_title>	
	<fk_wikipedia.sv>	
	<fk_key.wikipedia.sv>	
	<fk_wikipedia.sv_id>	
	<fk_key.wikipedia.sv_id>	
	<fk_wikipedia.sv_title>	
	<fk_key.wikipedia.sv_title>	
	<fk_wikipedia.th>	
	<fk_key.wikipedia.th>	
	<fk_wikipedia.th_id>	
	<fk_key.wikipedia.th_id>	
	<fk_wikipedia.th_title>	
	<fk_key.wikipedia.th_title>	
	<fk_wikipedia.tl>	
	<fk_key.wikipedia.tl>	
	<fk_wikipedia.tl_id>	
	<fk_key.wikipedia.tl_id>	
	<fk_wikipedia.tl_title>	
	<fk_key.wikipedia.tl_title>	
	<fk_wikipedia.topic>	
	<fk_key.wikipedia.topic>	
	<fk_wikipedia.tr>	
	<fk_key.wikipedia.tr>	
	<fk_wikipedia.tr_id>	
	<fk_key.wikipedia.tr_id>	
	<fk_wikipedia.tr_title>	
	<fk_key.wikipedia.tr_title>	
	<fk_wikipedia.uk>	
	<fk_key.wikipedia.uk>	
	<fk_wikipedia.uk_id>	
	<fk_key.wikipedia.uk_id>	
	<fk_wikipedia.uk_title>	
	<fk_key.wikipedia.uk_title>	
	<fk_wikipedia.vi>	
	<fk_key.wikipedia.vi>	
	<fk_wikipedia.vi_id>	
	<fk_key.wikipedia.vi_id>	
	<fk_wikipedia.vi_title>	
	<fk_key.wikipedia.vi_title>	
